[     313ms] [INFO] %cDownload the React DevTools for a better development experience: https://react.dev/link/react-devtools font-weight:bold @ http://localhost:8081/node_modules/expo-router/entry.bundle?platform=web&dev=true&hot=false&lazy=true&transform.engine=hermes&transform.routerRoot=src%2Fapp&unstable_transformProfile=hermes-stable:68998
[     351ms] [LOG] Running application "main" with appParams:
 {rootTag: #root, hydrate: undefined} 
Development-level warnings: ON.
Performance optimizations: OFF. @ http://localhost:8081/node_modules/expo-router/entry.bundle?platform=web&dev=true&hot=false&lazy=true&transform.engine=hermes&transform.routerRoot=src%2Fapp&unstable_transformProfile=hermes-stable:68998
[     504ms] [WARNING] "shadow*" style props are deprecated. Use "boxShadow". @ http://localhost:8081/node_modules/expo-router/entry.bundle?platform=web&dev=true&hot=false&lazy=true&transform.engine=hermes&transform.routerRoot=src%2Fapp&unstable_transformProfile=hermes-stable:68998
[     512ms] Error: Cannot manually set color scheme, as dark mode is type 'media'. Please use StyleSheet.setFlag('darkMode', 'class')
    at Object.set (http://localhost:8081/node_modules/expo-router/entry.bundle?platform=web&dev=true&hot=false&lazy=true&transform.engine=hermes&transform.routerRoot=src%2Fapp&unstable_transformProfile=hermes-stable:49279:15)
    at MutationObserver.observe.attributes (http://localhost:8081/node_modules/expo-router/entry.bundle?platform=web&dev=true&hot=false&lazy=true&transform.engine=hermes&transform.routerRoot=src%2Fapp&unstable_transformProfile=hermes-stable:49265:27)
[     531ms] [WARNING] [Layout children]: No route named "result" exists in nested children: [cards-preview, index] @ http://localhost:8081/node_modules/expo-router/entry.bundle?platform=web&dev=true&hot=false&lazy=true&transform.engine=hermes&transform.routerRoot=src%2Fapp&unstable_transformProfile=hermes-stable:68998
[     550ms] [WARNING] [Layout children]: No route named "result" exists in nested children: [cards-preview, index] @ http://localhost:8081/node_modules/expo-router/entry.bundle?platform=web&dev=true&hot=false&lazy=true&transform.engine=hermes&transform.routerRoot=src%2Fapp&unstable_transformProfile=hermes-stable:68998
[     555ms] ReferenceError: condition is not defined
    at LinkCardView (http://localhost:8081/node_modules/expo-router/entry.bundle?platform=web&dev=true&hot=false&lazy=true&transform.engine=hermes&transform.routerRoot=src%2Fapp&unstable_transformProfile=hermes-stable:302397:24)
    at Object.react_stack_bottom_frame (http://localhost:8081/node_modules/expo-router/entry.bundle?platform=web&dev=true&hot=false&lazy=true&transform.engine=hermes&transform.routerRoot=src%2Fapp&unstable_transformProfile=hermes-stable:24703:20)
    at renderWithHooks (http://localhost:8081/node_modules/expo-router/entry.bundle?platform=web&dev=true&hot=false&lazy=true&transform.engine=hermes&transform.routerRoot=src%2Fapp&unstable_transformProfile=hermes-stable:15576:22)
    at updateForwardRef (http://localhost:8081/node_modules/expo-router/entry.bundle?platform=web&dev=true&hot=false&lazy=true&transform.engine=hermes&transform.routerRoot=src%2Fapp&unstable_transformProfile=hermes-stable:16794:19)
    at beginWork (http://localhost:8081/node_modules/expo-router/entry.bundle?platform=web&dev=true&hot=false&lazy=true&transform.engine=hermes&transform.routerRoot=src%2Fapp&unstable_transformProfile=hermes-stable:17608:18)
    at runWithFiberInDEV (http://localhost:8081/node_modules/expo-router/entry.bundle?platform=web&dev=true&hot=false&lazy=true&transform.engine=hermes&transform.routerRoot=src%2Fapp&unstable_transformProfile=hermes-stable:12053:70)
    at performUnitOfWork (http://localhost:8081/node_modules/expo-router/entry.bundle?platform=web&dev=true&hot=false&lazy=true&transform.engine=hermes&transform.routerRoot=src%2Fapp&unstable_transformProfile=hermes-stable:19961:95)
    at workLoopSync (http://localhost:8081/node_modules/expo-router/entry.bundle?platform=web&dev=true&hot=false&lazy=true&transform.engine=hermes&transform.routerRoot=src%2Fapp&unstable_transformProfile=hermes-stable:19856:40)
    at renderRootSync (http://localhost:8081/node_modules/expo-router/entry.bundle?platform=web&dev=true&hot=false&lazy=true&transform.engine=hermes&transform.routerRoot=src%2Fapp&unstable_transformProfile=hermes-stable:19841:9)
    at performWorkOnRoot (http://localhost:8081/node_modules/expo-router/entry.bundle?platform=web&dev=true&hot=false&lazy=true&transform.engine=hermes&transform.routerRoot=src%2Fapp&unstable_transformProfile=hermes-stable:19514:35)
    at performWorkOnRootViaSchedulerTask (http://localhost:8081/node_modules/expo-router/entry.bundle?platform=web&dev=true&hot=false&lazy=true&transform.engine=hermes&transform.routerRoot=src%2Fapp&unstable_transformProfile=hermes-stable:20616:7)
    at MessagePort.performWorkUntilDeadline (http://localhost:8081/node_modules/expo-router/entry.bundle?platform=web&dev=true&hot=false&lazy=true&transform.engine=hermes&transform.routerRoot=src%2Fapp&unstable_transformProfile=hermes-stable:26555:48)
[     555ms] [WARNING] %s

%s
 An error occurred in the <ForwardRef(LinkCardView)> component. Consider adding an error boundary to your tree to customize error handling behavior.
Visit https://react.dev/link/error-boundaries to learn more about error boundaries. @ http://localhost:8081/node_modules/expo-router/entry.bundle?platform=web&dev=true&hot=false&lazy=true&transform.engine=hermes&transform.routerRoot=src%2Fapp&unstable_transformProfile=hermes-stable:68998
[   11093ms] [WARNING] [Layout children]: No route named "result" exists in nested children: [cards-preview, index] @ http://localhost:8081/node_modules/expo-router/entry.bundle?platform=web&dev=true&hot=false&lazy=true&transform.engine=hermes&transform.routerRoot=src%2Fapp&unstable_transformProfile=hermes-stable:68998
[   11103ms] [WARNING] [Layout children]: No route named "result" exists in nested children: [cards-preview, index] @ http://localhost:8081/node_modules/expo-router/entry.bundle?platform=web&dev=true&hot=false&lazy=true&transform.engine=hermes&transform.routerRoot=src%2Fapp&unstable_transformProfile=hermes-stable:68998
[   11108ms] ReferenceError: condition is not defined
    at LinkCardView (http://localhost:8081/src/components/link-card-view.bundle//&platform=web&dev=true&hot=false&lazy=true&transform.engine=hermes&transform.routerRoot=src%2Fapp&unstable_transformProfile=hermes-stable&minify=false&modulesOnly=true&runModule=false&shallow=true:878:24)
    at Object.react_stack_bottom_frame (http://localhost:8081/node_modules/expo-router/entry.bundle?platform=web&dev=true&hot=false&lazy=true&transform.engine=hermes&transform.routerRoot=src%2Fapp&unstable_transformProfile=hermes-stable:24703:20)
    at renderWithHooks (http://localhost:8081/node_modules/expo-router/entry.bundle?platform=web&dev=true&hot=false&lazy=true&transform.engine=hermes&transform.routerRoot=src%2Fapp&unstable_transformProfile=hermes-stable:15576:22)
    at updateForwardRef (http://localhost:8081/node_modules/expo-router/entry.bundle?platform=web&dev=true&hot=false&lazy=true&transform.engine=hermes&transform.routerRoot=src%2Fapp&unstable_transformProfile=hermes-stable:16794:19)
    at beginWork (http://localhost:8081/node_modules/expo-router/entry.bundle?platform=web&dev=true&hot=false&lazy=true&transform.engine=hermes&transform.routerRoot=src%2Fapp&unstable_transformProfile=hermes-stable:17608:18)
    at runWithFiberInDEV (http://localhost:8081/node_modules/expo-router/entry.bundle?platform=web&dev=true&hot=false&lazy=true&transform.engine=hermes&transform.routerRoot=src%2Fapp&unstable_transformProfile=hermes-stable:12053:70)
    at performUnitOfWork (http://localhost:8081/node_modules/expo-router/entry.bundle?platform=web&dev=true&hot=false&lazy=true&transform.engine=hermes&transform.routerRoot=src%2Fapp&unstable_transformProfile=hermes-stable:19961:95)
    at workLoopSync (http://localhost:8081/node_modules/expo-router/entry.bundle?platform=web&dev=true&hot=false&lazy=true&transform.engine=hermes&transform.routerRoot=src%2Fapp&unstable_transformProfile=hermes-stable:19856:40)
    at renderRootSync (http://localhost:8081/node_modules/expo-router/entry.bundle?platform=web&dev=true&hot=false&lazy=true&transform.engine=hermes&transform.routerRoot=src%2Fapp&unstable_transformProfile=hermes-stable:19841:9)
    at performWorkOnRoot (http://localhost:8081/node_modules/expo-router/entry.bundle?platform=web&dev=true&hot=false&lazy=true&transform.engine=hermes&transform.routerRoot=src%2Fapp&unstable_transformProfile=hermes-stable:19514:35)
    at performSyncWorkOnRoot (http://localhost:8081/node_modules/expo-router/entry.bundle?platform=web&dev=true&hot=false&lazy=true&transform.engine=hermes&transform.routerRoot=src%2Fapp&unstable_transformProfile=hermes-stable:20624:7)
    at flushSyncWorkAcrossRoots_impl (http://localhost:8081/node_modules/expo-router/entry.bundle?platform=web&dev=true&hot=false&lazy=true&transform.engine=hermes&transform.routerRoot=src%2Fapp&unstable_transformProfile=hermes-stable:20539:308)
    at flushSyncWork$1 (http://localhost:8081/node_modules/expo-router/entry.bundle?platform=web&dev=true&hot=false&lazy=true&transform.engine=hermes&transform.routerRoot=src%2Fapp&unstable_transformProfile=hermes-stable:19644:84)
    at Object.scheduleRoot (http://localhost:8081/node_modules/expo-router/entry.bundle?platform=web&dev=true&hot=false&lazy=true&transform.engine=hermes&transform.routerRoot=src%2Fapp&unstable_transformProfile=hermes-stable:11458:112)
    at http://localhost:8081/node_modules/expo-router/entry.bundle?platform=web&dev=true&hot=false&lazy=true&transform.engine=hermes&transform.routerRoot=src%2Fapp&unstable_transformProfile=hermes-stable:68613:23
    at Set.forEach (<anonymous>)
    at Object.performReactRefresh (http://localhost:8081/node_modules/expo-router/entry.bundle?platform=web&dev=true&hot=false&lazy=true&transform.engine=hermes&transform.routerRoot=src%2Fapp&unstable_transformProfile=hermes-stable:68598:31)
    at Object.performReactRefresh (http://localhost:8081/node_modules/expo-router/entry.bundle?platform=web&dev=true&hot=false&lazy=true&transform.engine=hermes&transform.routerRoot=src%2Fapp&unstable_transformProfile=hermes-stable:68387:27)
    at http://localhost:8081/node_modules/expo-router/entry.bundle?platform=web&dev=true&hot=false&lazy=true&transform.engine=hermes&transform.routerRoot=src%2Fapp&unstable_transformProfile=hermes-stable:445:21
[   11108ms] [WARNING] %s

%s
 An error occurred in the <ForwardRef(LinkCardView)> component. Consider adding an error boundary to your tree to customize error handling behavior.
Visit https://react.dev/link/error-boundaries to learn more about error boundaries. @ http://localhost:8081/node_modules/expo-router/entry.bundle?platform=web&dev=true&hot=false&lazy=true&transform.engine=hermes&transform.routerRoot=src%2Fapp&unstable_transformProfile=hermes-stable:68998
