[     405ms] [INFO] %cDownload the React DevTools for a better development experience: https://react.dev/link/react-devtools font-weight:bold @ http://localhost:8081/node_modules/expo-router/entry.bundle?platform=web&dev=true&hot=false&lazy=true&transform.engine=hermes&transform.routerRoot=src%2Fapp&unstable_transformProfile=hermes-stable:68998
[     441ms] [LOG] Running application "main" with appParams:
 {rootTag: #root, hydrate: undefined} 
Development-level warnings: ON.
Performance optimizations: OFF. @ http://localhost:8081/node_modules/expo-router/entry.bundle?platform=web&dev=true&hot=false&lazy=true&transform.engine=hermes&transform.routerRoot=src%2Fapp&unstable_transformProfile=hermes-stable:68998
[     594ms] [WARNING] "shadow*" style props are deprecated. Use "boxShadow". @ http://localhost:8081/node_modules/expo-router/entry.bundle?platform=web&dev=true&hot=false&lazy=true&transform.engine=hermes&transform.routerRoot=src%2Fapp&unstable_transformProfile=hermes-stable:68998
[     602ms] Error: Cannot manually set color scheme, as dark mode is type 'media'. Please use StyleSheet.setFlag('darkMode', 'class')
    at Object.set (http://localhost:8081/node_modules/expo-router/entry.bundle?platform=web&dev=true&hot=false&lazy=true&transform.engine=hermes&transform.routerRoot=src%2Fapp&unstable_transformProfile=hermes-stable:49279:15)
    at MutationObserver.observe.attributes (http://localhost:8081/node_modules/expo-router/entry.bundle?platform=web&dev=true&hot=false&lazy=true&transform.engine=hermes&transform.routerRoot=src%2Fapp&unstable_transformProfile=hermes-stable:49265:27)
[     619ms] [WARNING] [Layout children]: No route named "result" exists in nested children: [cards-preview, index] @ http://localhost:8081/node_modules/expo-router/entry.bundle?platform=web&dev=true&hot=false&lazy=true&transform.engine=hermes&transform.routerRoot=src%2Fapp&unstable_transformProfile=hermes-stable:68998
[   89854ms] Error: Cannot find native module 'ExpoMediaLibraryNext'
    at requireNativeModule (http://localhost:8081/node_modules/expo-router/entry.bundle?platform=web&dev=true&hot=false&lazy=true&transform.engine=hermes&transform.routerRoot=src%2Fapp&unstable_transformProfile=hermes-stable:73020:11)
    at __d.0 (http://localhost:8081/node_modules/expo-media-library/src/ExpoMediaLibraryNext.bundle//&platform=web&dev=true&hot=false&lazy=true&transform.engine=hermes&transform.routerRoot=src%2Fapp&unstable_transformProfile=hermes-stable&minify=false&modulesOnly=true&runModule=false&shallow=true:14:59)
    at loadModuleImplementation (http://localhost:8081/node_modules/expo-router/entry.bundle?platform=web&dev=true&hot=false&lazy=true&transform.engine=hermes&transform.routerRoot=src%2Fapp&unstable_transformProfile=hermes-stable:263:7)
    at guardedLoadModule (http://localhost:8081/node_modules/expo-router/entry.bundle?platform=web&dev=true&hot=false&lazy=true&transform.engine=hermes&transform.routerRoot=src%2Fapp&unstable_transformProfile=hermes-stable:169:14)
    at metroRequire (http://localhost:8081/node_modules/expo-router/entry.bundle?platform=web&dev=true&hot=false&lazy=true&transform.engine=hermes&transform.routerRoot=src%2Fapp&unstable_transformProfile=hermes-stable:89:75)
    at __d.0 (http://localhost:8081/node_modules/expo-media-library/src/index.bundle//&platform=web&dev=true&hot=false&lazy=true&transform.engine=hermes&transform.routerRoot=src%2Fapp&unstable_transformProfile=hermes-stable&minify=false&modulesOnly=true&runModule=false&shallow=true:45:31)
    at loadModuleImplementation (http://localhost:8081/node_modules/expo-router/entry.bundle?platform=web&dev=true&hot=false&lazy=true&transform.engine=hermes&transform.routerRoot=src%2Fapp&unstable_transformProfile=hermes-stable:263:7)
    at guardedLoadModule (http://localhost:8081/node_modules/expo-router/entry.bundle?platform=web&dev=true&hot=false&lazy=true&transform.engine=hermes&transform.routerRoot=src%2Fapp&unstable_transformProfile=hermes-stable:169:14)
    at metroRequire (http://localhost:8081/node_modules/expo-router/entry.bundle?platform=web&dev=true&hot=false&lazy=true&transform.engine=hermes&transform.routerRoot=src%2Fapp&unstable_transformProfile=hermes-stable:89:75)
    at __d.0 (http://localhost:8081/src/lib/share.bundle//&platform=web&dev=true&hot=false&lazy=true&transform.engine=hermes&transform.routerRoot=src%2Fapp&unstable_transformProfile=hermes-stable&minify=false&modulesOnly=true&runModule=false&shallow=true:37:27)
    at loadModuleImplementation (http://localhost:8081/node_modules/expo-router/entry.bundle?platform=web&dev=true&hot=false&lazy=true&transform.engine=hermes&transform.routerRoot=src%2Fapp&unstable_transformProfile=hermes-stable:263:7)
    at guardedLoadModule (http://localhost:8081/node_modules/expo-router/entry.bundle?platform=web&dev=true&hot=false&lazy=true&transform.engine=hermes&transform.routerRoot=src%2Fapp&unstable_transformProfile=hermes-stable:169:14)
    at metroRequire (http://localhost:8081/node_modules/expo-router/entry.bundle?platform=web&dev=true&hot=false&lazy=true&transform.engine=hermes&transform.routerRoot=src%2Fapp&unstable_transformProfile=hermes-stable:89:75)
    at __d.0 (http://localhost:8081/src/lib/share-targets.bundle//&platform=web&dev=true&hot=false&lazy=true&transform.engine=hermes&transform.routerRoot=src%2Fapp&unstable_transformProfile=hermes-stable&minify=false&modulesOnly=true&runModule=false&shallow=true:28:16)
    at loadModuleImplementation (http://localhost:8081/node_modules/expo-router/entry.bundle?platform=web&dev=true&hot=false&lazy=true&transform.engine=hermes&transform.routerRoot=src%2Fapp&unstable_transformProfile=hermes-stable:263:7)
    at guardedLoadModule (http://localhost:8081/node_modules/expo-router/entry.bundle?platform=web&dev=true&hot=false&lazy=true&transform.engine=hermes&transform.routerRoot=src%2Fapp&unstable_transformProfile=hermes-stable:169:14)
    at metroRequire (http://localhost:8081/node_modules/expo-router/entry.bundle?platform=web&dev=true&hot=false&lazy=true&transform.engine=hermes&transform.routerRoot=src%2Fapp&unstable_transformProfile=hermes-stable:89:75)
    at __d.0 (http://localhost:8081/src/app/result.bundle//&platform=web&dev=true&hot=false&lazy=true&transform.engine=hermes&transform.routerRoot=src%2Fapp&unstable_transformProfile=hermes-stable&minify=false&modulesOnly=true&runModule=false&shallow=true:88:26)
    at loadModuleImplementation (http://localhost:8081/node_modules/expo-router/entry.bundle?platform=web&dev=true&hot=false&lazy=true&transform.engine=hermes&transform.routerRoot=src%2Fapp&unstable_transformProfile=hermes-stable:263:7)
    at guardedLoadModule (http://localhost:8081/node_modules/expo-router/entry.bundle?platform=web&dev=true&hot=false&lazy=true&transform.engine=hermes&transform.routerRoot=src%2Fapp&unstable_transformProfile=hermes-stable:162:23)
    at metroRequire (http://localhost:8081/node_modules/expo-router/entry.bundle?platform=web&dev=true&hot=false&lazy=true&transform.engine=hermes&transform.routerRoot=src%2Fapp&unstable_transformProfile=hermes-stable:89:75)
    at Object.get [as ./result.tsx] (http://localhost:8081/src/app%3Fctx%3Dc9915d5ced2b656047aa496292a87964b21f4221.bundle//&platform=web&dev=true&hot=false&lazy=true&transform.engine=hermes&transform.routerRoot=src%2Fapp&unstable_transformProfile=hermes-stable&minify=false&modulesOnly=true&runModule=false&shallow=true:19:16)
    at metroContext (http://localhost:8081/src/app%3Fctx%3Dc9915d5ced2b656047aa496292a87964b21f4221.bundle//&platform=web&dev=true&hot=false&lazy=true&transform.engine=hermes&transform.routerRoot=src%2Fapp&unstable_transformProfile=hermes-stable&minify=false&modulesOnly=true&runModule=false&shallow=true:24:15)
    at Object.loadRoute (http://localhost:8081/node_modules/expo-router/entry.bundle?platform=web&dev=true&hot=false&lazy=true&transform.engine=hermes&transform.routerRoot=src%2Fapp&unstable_transformProfile=hermes-stable:90119:27)
    at runtimeValidateRouteNode (http://localhost:8081/node_modules/expo-router/entry.bundle?platform=web&dev=true&hot=false&lazy=true&transform.engine=hermes&transform.routerRoot=src%2Fapp&unstable_transformProfile=hermes-stable:90374:30)
    at validateRouteTreeExports (http://localhost:8081/node_modules/expo-router/entry.bundle?platform=web&dev=true&hot=false&lazy=true&transform.engine=hermes&transform.routerRoot=src%2Fapp&unstable_transformProfile=hermes-stable:90385:5)
    at validateRouteTreeExports (http://localhost:8081/node_modules/expo-router/entry.bundle?platform=web&dev=true&hot=false&lazy=true&transform.engine=hermes&transform.routerRoot=src%2Fapp&unstable_transformProfile=hermes-stable:90387:7)
    at getRoutes (http://localhost:8081/node_modules/expo-router/entry.bundle?platform=web&dev=true&hot=false&lazy=true&transform.engine=hermes&transform.routerRoot=src%2Fapp&unstable_transformProfile=hermes-stable:89926:7)
    at getRoutes (http://localhost:8081/node_modules/expo-router/entry.bundle?platform=web&dev=true&hot=false&lazy=true&transform.engine=hermes&transform.routerRoot=src%2Fapp&unstable_transformProfile=hermes-stable:89787:42)
    at useStore (http://localhost:8081/node_modules/expo-router/entry.bundle?platform=web&dev=true&hot=false&lazy=true&transform.engine=hermes&transform.routerRoot=src%2Fapp&unstable_transformProfile=hermes-stable:73581:49)
    at ContextNavigator (http://localhost:8081/node_modules/expo-router/entry.bundle?platform=web&dev=true&hot=false&lazy=true&transform.engine=hermes&transform.routerRoot=src%2Fapp&unstable_transformProfile=hermes-stable:94547:47)
    at Object.react_stack_bottom_frame (http://localhost:8081/node_modules/expo-router/entry.bundle?platform=web&dev=true&hot=false&lazy=true&transform.engine=hermes&transform.routerRoot=src%2Fapp&unstable_transformProfile=hermes-stable:24703:20)
    at renderWithHooks (http://localhost:8081/node_modules/expo-router/entry.bundle?platform=web&dev=true&hot=false&lazy=true&transform.engine=hermes&transform.routerRoot=src%2Fapp&unstable_transformProfile=hermes-stable:15576:22)
    at updateFunctionComponent (http://localhost:8081/node_modules/expo-router/entry.bundle?platform=web&dev=true&hot=false&lazy=true&transform.engine=hermes&transform.routerRoot=src%2Fapp&unstable_transformProfile=hermes-stable:16965:19)
    at beginWork (http://localhost:8081/node_modules/expo-router/entry.bundle?platform=web&dev=true&hot=false&lazy=true&transform.engine=hermes&transform.routerRoot=src%2Fapp&unstable_transformProfile=hermes-stable:17534:18)
[   89808ms] [WARNING] %s

%s
 An error occurred in the <ContextNavigator> component. Consider adding an error boundary to your tree to customize error handling behavior.
Visit https://react.dev/link/error-boundaries to learn more about error boundaries. @ http://localhost:8081/node_modules/expo-router/entry.bundle?platform=web&dev=true&hot=false&lazy=true&transform.engine=hermes&transform.routerRoot=src%2Fapp&unstable_transformProfile=hermes-stable:68998
[   89860ms] [ERROR] Failed to load resource: the server responded with a status of 500 (Internal Server Error) @ http://localhost:8081/symbolicate:0
[   97164ms] TypeError: Cannot read properties of undefined (reading 'getEnforcing')
    at __d.0 (http://localhost:8081/node_modules/react-native-share/lib/module/codegenSpec/NativeRNShare.bundle//&platform=web&dev=true&hot=false&lazy=true&transform.engine=hermes&transform.routerRoot=src%2Fapp&unstable_transformProfile=hermes-stable&minify=false&modulesOnly=true&runModule=false&shallow=true:14:63)
    at loadModuleImplementation (http://localhost:8081/node_modules/expo-router/entry.bundle?platform=web&dev=true&hot=false&lazy=true&transform.engine=hermes&transform.routerRoot=src%2Fapp&unstable_transformProfile=hermes-stable:263:7)
    at guardedLoadModule (http://localhost:8081/node_modules/expo-router/entry.bundle?platform=web&dev=true&hot=false&lazy=true&transform.engine=hermes&transform.routerRoot=src%2Fapp&unstable_transformProfile=hermes-stable:169:14)
    at metroRequire (http://localhost:8081/node_modules/expo-router/entry.bundle?platform=web&dev=true&hot=false&lazy=true&transform.engine=hermes&transform.routerRoot=src%2Fapp&unstable_transformProfile=hermes-stable:89:75)
    at runUpdatedModule (http://localhost:8081/node_modules/expo-router/entry.bundle?platform=web&dev=true&hot=false&lazy=true&transform.engine=hermes&transform.routerRoot=src%2Fapp&unstable_transformProfile=hermes-stable:513:7)
    at metroHotUpdateModule (http://localhost:8081/node_modules/expo-router/entry.bundle?platform=web&dev=true&hot=false&lazy=true&transform.engine=hermes&transform.routerRoot=src%2Fapp&unstable_transformProfile=hermes-stable:403:26)
    at define (http://localhost:8081/node_modules/expo-router/entry.bundle?platform=web&dev=true&hot=false&lazy=true&transform.engine=hermes&transform.routerRoot=src%2Fapp&unstable_transformProfile=hermes-stable:39:18)
    at eval (http://localhost:8081/node_modules/react-native-share/lib/module/codegenSpec/NativeRNShare.bundle//&platform=web&dev=true&hot=false&lazy=true&transform.engine=hermes&transform.routerRoot=src%2Fapp&unstable_transformProfile=hermes-stable&minify=false&modulesOnly=true&runModule=false&shallow=true:1:1)
    at inject (http://localhost:8081/node_modules/expo-router/entry.bundle?platform=web&dev=true&hot=false&lazy=true&transform.engine=hermes&transform.routerRoot=src%2Fapp&unstable_transformProfile=hermes-stable:69353:7)
    at Array.forEach (<anonymous>)
    at injectUpdate (http://localhost:8081/node_modules/expo-router/entry.bundle?platform=web&dev=true&hot=false&lazy=true&transform.engine=hermes&transform.routerRoot=src%2Fapp&unstable_transformProfile=hermes-stable:69358:21)
    at HMRClient.<anonymous> (http://localhost:8081/node_modules/expo-router/entry.bundle?platform=web&dev=true&hot=false&lazy=true&transform.engine=hermes&transform.routerRoot=src%2Fapp&unstable_transformProfile=hermes-stable:69412:11)
    at HMRClient.emit (http://localhost:8081/node_modules/expo-router/entry.bundle?platform=web&dev=true&hot=false&lazy=true&transform.engine=hermes&transform.routerRoot=src%2Fapp&unstable_transformProfile=hermes-stable:69624:29)
    at HMRClient._ws.onmessage (http://localhost:8081/node_modules/expo-router/entry.bundle?platform=web&dev=true&hot=false&lazy=true&transform.engine=hermes&transform.routerRoot=src%2Fapp&unstable_transformProfile=hermes-stable:69395:18)
[  126622ms] [WARNING] Disconnected from Metro (1006)
To reconnect:
- Ensure that Metro is running and available on the same network
- Reload this app (will trigger further help if Metro cannot be connected to) @ http://localhost:8081/node_modules/expo-router/entry.bundle?platform=web&dev=true&hot=false&lazy=true&transform.engine=hermes&transform.routerRoot=src%2Fapp&unstable_transformProfile=hermes-stable:68998
